2019-10-15 20:20:33【DEBUG】这是debug等级
2019-10-15 20:20:33【INFO】这是info等级
2019-10-15 20:20:33【WARNING】这是warning等级
2019-10-15 20:20:33【ERROR】这是error等级
2019-10-15 20:20:33【CRITICAL】这是critical等级
